No checkpoints found.
Entire only records a session once it saves changes — a conversation that
edits nothing leaves no trace. Use --working to summarise uncommitted work.

--- 2026-08-23 21:08:04 ---

--- 2026-08-23 21:15:11 ---
  9faf9a1b2f7f8988e8 — 1 claims, 0 corrections -> 2026-08-23-01a03005-cee7-7fd3-bbb1-.md
  01M0QZWF1HRJTFW6NK — 7 claims, 0 corrections -> 2026-08-23-01a02fce-8ddc-7d70-b952-.md

2 session(s) processed, 0 skipped without spending. Claims appended to out/claims.jsonl

--- 2026-08-23 21:31:30 (end) ---
Chats: 0 new or updated, 3 kept in total.

--- 2026-08-23 21:59:27 (end) ---
Chats: 0 new or updated, 3 kept in total.

--- 2026-08-23 22:59:13 (end test-abc) ---
Chats: 0 new or updated, 3 kept in total.

--- 2026-08-23 22:59:22 (end t) ---
Chats: 0 new or updated, 3 kept in total.

--- 2026-08-24 00:26:21 (end cleanup-) ---
Chats: 0 new or updated, 3 kept in total.

--- 2026-08-24 00:27:26 (end post-cle) ---
Chats: 0 new or updated, 3 kept in total.
